// Jest Snapshot v1, https://goo.gl/fbAQLP

exports[`should render correctly 1`] = `
.emotion-0 {
  width: 100%;
  border-collapse: collapse;
  border: 1px solid #D3D4DD;
}

.emotion-0 tr:hover td {
  background: #F0F0F5;
}

.emotion-3 {
  text-align: left;
  padding: 0.5rem 1rem;
  border-bottom: 1px solid #D3D4DD;
}

.emotion-4 {
  display: -webkit-inline-box;
  display: -webkit-inline-flex;
  display: -ms-inline-flexbox;
  display: inline-flex;
  -webkit-align-items: center;
  -webkit-box-align: center;
  -ms-flex-align: center;
  align-items: center;
  cursor: pointer;
}

.emotion-5 {
  margin-left: 0.25rem;
  font-size: 1rem;
  fill: #AAAAB9;
}

.emotion-6 {
  fill: #0069D0;
}

.emotion-13 {
  text-align: left;
  padding: 0.5rem 1rem;
  border-bottom: 1px solid #D3D4DD;
  text-align: right;
  color: red;
}

.emotion-20 {
  text-align: left;
  padding: 0 1rem;
  height: 2.5rem;
  border-bottom: 1px solid #D3D4DD;
}

.emotion-22 {
  text-align: left;
  padding: 0 1rem;
  height: 2.5rem;
  border-bottom: 1px solid #D3D4DD;
  text-align: right;
  color: red;
}

<div>
  <table
    class="emotion-0"
  >
    <thead
      class="emotion-1"
    >
      <tr
        class="emotion-1"
      >
        <th
          class="emotion-3"
          data-name="id"
        >
          <span
            class="emotion-4"
          >
            ID
            <svg
              class="emotion-5"
              height="1em"
              viewBox="0 0 24 24"
              width="1em"
            >
              <polygon
                class="emotion-6"
                points="12 4.94 16.95 9.89 18.36 8.47 12 2.11 5.64 8.47 7.05 9.89 12 4.94"
              />
              <polygon
                class="emotion-1"
                points="12 19.06 7.05 14.11 5.64 15.53 12 21.89 18.36 15.53 16.95 14.11 12 19.06"
              />
            </svg>
          </span>
        </th>
        <th
          class="emotion-3"
          data-name="name"
        >
          <span
            class="emotion-4"
          >
            Name
            <svg
              class="emotion-5"
              height="1em"
              viewBox="0 0 24 24"
              width="1em"
            >
              <polygon
                class="emotion-1"
                points="12 4.94 16.95 9.89 18.36 8.47 12 2.11 5.64 8.47 7.05 9.89 12 4.94"
              />
              <polygon
                class="emotion-6"
                points="12 19.06 7.05 14.11 5.64 15.53 12 21.89 18.36 15.53 16.95 14.11 12 19.06"
              />
            </svg>
          </span>
        </th>
        <th
          class="emotion-13"
          data-name="age"
        >
          <span
            class="emotion-4"
          >
            Age
            <svg
              class="emotion-5"
              height="1em"
              viewBox="0 0 24 24"
              width="1em"
            >
              <polygon
                class="emotion-1"
                points="12 4.94 16.95 9.89 18.36 8.47 12 2.11 5.64 8.47 7.05 9.89 12 4.94"
              />
              <polygon
                class="emotion-1"
                points="12 19.06 7.05 14.11 5.64 15.53 12 21.89 18.36 15.53 16.95 14.11 12 19.06"
              />
            </svg>
          </span>
        </th>
      </tr>
    </thead>
    <tbody
      class="emotion-1"
    >
      <tr
        class="emotion-1"
      >
        <td
          class="emotion-20"
        >
          1
        </td>
        <td
          class="emotion-20"
        >
          MARIA MACHADO DE JESUS
        </td>
        <td
          class="emotion-22"
        >
          42
        </td>
      </tr>
      <tr
        class="emotion-1"
      >
        <td
          class="emotion-20"
        >
          2
        </td>
        <td
          class="emotion-20"
        >
          JOSÃ‰ DA SILVA MOREIRA
        </td>
        <td
          class="emotion-22"
        >
          34
        </td>
      </tr>
      <tr
        class="emotion-1"
      >
        <td
          class="emotion-20"
        >
          3
        </td>
        <td
          class="emotion-20"
        >
          ALICE BARBOSA
        </td>
        <td
          class="emotion-22"
        >
          27
        </td>
      </tr>
    </tbody>
  </table>
</div>
`;
