// Jest Snapshot v1, https://goo.gl/fbAQLP

exports[`SelectDownshiftComponentCustom should accept actions inside children prop 1`] = `
.emotion-2 {
  display: grid;
  grid-auto-flow: column;
  grid-auto-columns: minmax(min-content,max-content);
  grid-gap: 1rem;
  -webkit-align-items: center;
  -webkit-box-align: center;
  -ms-flex-align: center;
  align-items: center;
  -webkit-box-pack: justify;
  -webkit-justify-content: space-between;
  -ms-flex-pack: justify;
  justify-content: space-between;
}

.emotion-0 {
  font-family: "IBM Plex Sans",sans-serif;
  font-size: 0.8125rem;
  line-height: 1.5;
  color: #24252E;
}

.emotion-1 {
  font-family: "IBM Plex Sans",sans-serif;
  font-size: 0.8125rem;
  line-height: 1.5rem;
  color: #24252E;
  display: -webkit-inline-box;
  display: -webkit-inline-flex;
  display: -ms-inline-flexbox;
  display: inline-flex;
  -webkit-box-pack: center;
  -webkit-justify-content: center;
  -ms-flex-pack: center;
  justify-content: center;
  position: relative;
  -webkit-user-select: none;
  -moz-user-select: none;
  -ms-user-select: none;
  user-select: none;
  -webkit-transition: all .2s;
  transition: all .2s;
  font-weight: bold;
  cursor: pointer;
  background-color: #FFFFFF;
  border: 1px solid #696979;
  border-radius: 4px;
  color: #24252E;
  -webkit-text-decoration: none;
  text-decoration: none;
  background-color: #0069D0;
  color: #FFFFFF;
  border: 1px solid #0069D0;
  font-size: 0.875rem;
  padding: calc(0.25rem - 1px) calc(0.5rem - 1px);
}

.emotion-1 > span {
  -webkit-align-items: center;
  -webkit-box-align: center;
  -ms-flex-align: center;
  align-items: center;
  display: -webkit-inline-box;
  display: -webkit-inline-flex;
  display: -ms-inline-flexbox;
  display: inline-flex;
}

.emotion-1:not(:disabled):active {
  box-shadow: inset 0 2px 8px 0 rgba(0,0,0,0.1);
}

.emotion-1:focus {
  outline: none;
  box-shadow: 0 0 0 2px #F0F0F5,0 0 0 4px #0069D0;
}

.emotion-1:not(:disabled):hover {
  background-color: #F0F0F5;
}

.emotion-1:not(:disabled):hover {
  background-color: #0051A2;
}

<div>
  <div
    style="background: rgb(240, 240, 245); padding: 0.25rem 0.5rem; cursor: initial;"
  >
    <div
      class="emotion-2"
    >
      <span
        class="emotion-0"
      >
        Lorem ipsum dolor sit amet, consectetur adipisicing elit. Maxime quod modi, inventore quasi aut sed beatae corrupti repellendus minima voluptatem debitis, quibusdam repudiandae totam voluptatum odit.
      </span>
      <button
        class="emotion-1"
        type="button"
      >
        <span>
          New item
        </span>
      </button>
    </div>
  </div>
</div>
`;

exports[`SelectDownshiftComponentCustom should render correctly 1`] = `
<div>
  <div
    style="background: rgb(240, 240, 245); padding: 0.25rem 0.5rem; cursor: initial;"
  >
    Prepend Item
  </div>
</div>
`;
