// Jest Snapshot v1, https://goo.gl/fbAQLP

exports[`TableBody should accept the style prop 1`] = `
.emotion-0 {
  width: 100%;
  border-collapse: collapse;
  border: 1px solid #D3D4DD;
}

.emotion-1 {
  color: red;
}

.emotion-3 {
  text-align: left;
  padding: 0 1rem;
  height: 2.5rem;
  border-bottom: 1px solid #D3D4DD;
}

<div>
  <table
    class="emotion-0"
  >
    <tbody
      class="emotion-1"
    >
      <tr
        class="emotion-2"
      >
        <td
          class="emotion-3"
        >
          Test
        </td>
      </tr>
    </tbody>
  </table>
</div>
`;
