// Jest Snapshot v1, https://goo.gl/fbAQLP

exports[`should render correctly 1`] = `
.emotion-3 {
  cursor: pointer;
  display: -webkit-inline-box;
  display: -webkit-inline-flex;
  display: -ms-inline-flexbox;
  display: inline-flex;
  -webkit-align-items: center;
  -webkit-box-align: center;
  -ms-flex-align: center;
  align-items: center;
}

.emotion-1 {
  background-color: #FFFFFF;
  border: 1px solid #8F8FA2;
  border-radius: 100px;
  display: inline-block;
  height: 24px;
  position: relative;
  -webkit-transition: all .2s ease;
  transition: all .2s ease;
  vertical-align: middle;
  width: 24px;
}

.emotion-1:after {
  background-color: #FFFFFF;
  border: 5px solid #FFFFFF;
  border-radius: 100px;
  content: "";
  display: block;
  height: 2px;
  margin-left: 6px;
  margin-top: 6px;
  opacity: 0;
  text-align: center;
  -webkit-transition: all .2s ease;
  transition: all .2s ease;
  width: 2px;
}

.emotion-2 {
  margin-left: 0.5rem;
}

.emotion-0 {
  opacity: 0;
  margin-right: -13px;
}

.emotion-0:hover + .emotion-1 {
  border-color: #7A7B8E;
}

.emotion-0:checked + .emotion-1 {
  background-color: #0069D0;
  border-color: #0069D0;
}

.emotion-0:checked + .emotion-1:after {
  opacity: 1;
}

.emotion-0:focus + .emotion-1 {
  box-shadow: 0 0 0 2px #F0F0F5,0 0 0 4px #0069D0;
}

.emotion-0:disabled + .emotion-1 {
  opacity: 0.4;
  cursor: not-allowed;
}

.emotion-0:disabled + .emotion-1 + .emotion-2 {
  color: #AAAAB9;
  cursor: not-allowed;
}

<div>
  <label
    class="emotion-3"
  >
    <input
      class="emotion-0"
      type="radio"
    />
    <span
      class="emotion-1"
    />
    <span
      class="emotion-2"
    >
      First
    </span>
  </label>
</div>
`;
