// Jest Snapshot v1, https://goo.gl/fbAQLP

exports[`should render correctly 1`] = `
.emotion-0 {
  border-bottom: 1px solid #D3D4DD;
  margin-bottom: 0.5rem;
}

<div>
  <li
    class="emotion-0"
    role="separator"
  />
</div>
`;
